==> ./tests/inputs/empty.txt <==

==> ./tests/inputs/one.txt <==
On
==> ./tests/inputs/two.txt <==
Tw
==> ./tests/inputs/three.txt <==
Th
==> ./tests/inputs/ten.txt <==
on