==> ./tests/inputs/empty.txt <==

==> ./tests/inputs/one.txt <==
One line, four words.

==> ./tests/inputs/two.txt <==
Two lines.
Four words.

==> ./tests/inputs/three.txt <==
Three
lines,
four words.

==> ./tests/inputs/ten.txt <==
one
two
three
four
five
six
seven
eight
nine
ten
